Traceback (most recent call last):
  File "/home/runner/work/neonx-/neonx-/scripts/enrich_career_twin_open_archive.py", line 223, in <module>
    main()
  File "/home/runner/work/neonx-/neonx-/scripts/enrich_career_twin_open_archive.py", line 153, in main
    full, full_clubs, read_rows, matched_rows = load_full_archive(wanted)
                                                ^^^^^^^^^^^^^^^^^^^^^^^^^
  File "/home/runner/work/neonx-/neonx-/scripts/enrich_career_twin_open_archive.py", line 68, in load_full_archive
    for chunk in pd.read_csv(TMP, usecols=usecols, chunksize=CHUNK, low_memory=False):
                 ^^^^^^^^^^^^^^^^^^^^^^^^^^^^^^^^^^^^^^^^^^^^^^^^^^^^^^^^^^^^^^^^^^^^
  File "/opt/hostedtoolcache/Python/3.12.14/x64/lib/python3.12/site-packages/pandas/io/parsers/readers.py", line 873, in read_csv
    return _read(filepath_or_buffer, kwds)
           ^^^^^^^^^^^^^^^^^^^^^^^^^^^^^^^
  File "/opt/hostedtoolcache/Python/3.12.14/x64/lib/python3.12/site-packages/pandas/io/parsers/readers.py", line 300, in _read
    parser = TextFileReader(filepath_or_buffer, **kwds)
             ^^^^^^^^^^^^^^^^^^^^^^^^^^^^^^^^^^^^^^^^^^
  File "/opt/hostedtoolcache/Python/3.12.14/x64/lib/python3.12/site-packages/pandas/io/parsers/readers.py", line 1645, in __init__
    self._engine = self._make_engine(f, self.engine)
                   ^^^^^^^^^^^^^^^^^^^^^^^^^^^^^^^^^
  File "/opt/hostedtoolcache/Python/3.12.14/x64/lib/python3.12/site-packages/pandas/io/parsers/readers.py", line 1922, in _make_engine
    return mapping[engine](f, **self.options)
           ^^^^^^^^^^^^^^^^^^^^^^^^^^^^^^^^^^
  File "/opt/hostedtoolcache/Python/3.12.14/x64/lib/python3.12/site-packages/pandas/io/parsers/c_parser_wrapper.py", line 137, in __init__
    self._validate_usecols_names(usecols, self.orig_names)
  File "/opt/hostedtoolcache/Python/3.12.14/x64/lib/python3.12/site-packages/pandas/io/parsers/base_parser.py", line 662, in _validate_usecols_names
    raise ValueError(
ValueError: Usecols do not match columns, columns expected but not found: ['team_url', 'season']

=== ACTUAL ARCHIVE CSV HEADER ===
['player_id', 'season_name', 'competition_id', 'competition_name', 'team_id', 'team_name', 'nb_in_group', 'nb_on_pitch', 'goals', 'assists', 'own_goals', 'subed_in', 'subed_out', 'yellow_cards', 'second_yellow_cards', 'direct_red_cards', 'penalty_goals', 'minutes_played', 'goals_conceded', 'clean_sheets']
[{'player_id': 1, 'season_name': '08/09', 'competition_id': 'OBLG', 'competition_name': 'NOFV-Oberliga Süd', 'team_id': 4825, 'team_name': 'FC Eilenburg', 'nb_in_group': 9, 'nb_on_pitch': 9, 'goals': 0.0, 'assists': 0, 'own_goals': 0, 'subed_in': 0, 'subed_out': 2, 'yellow_cards': 0, 'second_yellow_cards': 0, 'direct_red_cards': 1, 'penalty_goals': 0, 'minutes_played': nan, 'goals_conceded': 0, 'clean_sheets': 0}, {'player_id': 1, 'season_name': '07/08', 'competition_id': 'RS', 'competition_name': 'Regionalliga Süd', 'team_id': 1526, 'team_name': 'FSV Ludwigshafen Oggersheim', 'nb_in_group': 22, 'nb_on_pitch': 22, 'goals': 1.0, 'assists': 0, 'own_goals': 0, 'subed_in': 3, 'subed_out': 8, 'yellow_cards': 1, 'second_yellow_cards': 0, 'direct_red_cards': 0, 'penalty_goals': 0, 'minutes_played': 1580.0, 'goals_conceded': 0, 'clean_sheets': 0}, {'player_id': 1, 'season_name': '06/07', 'competition_id': 'L2', 'competition_name': '2. Bundesliga', 'team_id': 996, 'team_name': 'TuS Koblenz', 'nb_in_group': 10, 'nb_on_pitch': 4, 'goals': 0.0, 'assists': 0, 'own_goals': 0, 'subed_in': 4, 'subed_out': 0, 'yellow_cards': 0, 'second_yellow_cards': 0, 'direct_red_cards': 0, 'penalty_goals': 0, 'minutes_played': nan, 'goals_conceded': 0, 'clean_sheets': 0}]
